Just a friendly reminder! You have these tasks to finish today.
- Has indentation before
- 
- Dash-in-Description
- Missing space character
- Duplicates should show up twice
- Duplicates should show up twice
- Special characters !@#$%^&*()_+{}|~:"<>?
- D/M/YY
- Not complete task should show up
- Task due today

These tasks need to be finished in the next three days!
- Task due tomorrow by 28/08/23
- Task due in two days by 29/08/23
- Task due in three days by 30/08/23

You have the following meetings today!
- Has indentation before at 18:00
-  at 18:00
- Dash-in-Description at 18:00
- Missing space character at 18:00
- Duplicates should show up twice at 18:00
- Duplicates should show up twice at 18:00
- Special characters !@#$%^&*()_+{}|~:"<>? at 18:00
- Edge Valid hour value at 23:59
- Edge Valid hour value at 00:00
- Edge Valid Minute value at 13:00
- Edge Valid Minute value at 13:59
- Meeting due today at 18:00

You have the following meetings scheduled over the next week!
- Meeting due tomorrow on 28/08/23 at 18:00
- Meeting due in two days on 29/08/23 at 18:00
- Meeting due in three days on 30/08/23 at 18:00
- Meeting due in four days on 31/08/23 at 18:00
- Meeting due in five days on 01/09/23 at 18:00
- Meeting due in six days on 02/09/23 at 18:00
- Meeting due in the next week on 03/09/23 at 18:00

What would you like to do?
1. Complete tasks
2. Add a new meeting.
3. Share a task.
4. Share a meeting.
5. Change Jafr's master directory.
6. Exit
